---
source: tests/wire_format.rs
expression: "serde_json::to_value(&event).unwrap()"
---
{
  "event": {
    "agent": "claude",
    "classifier": "claude",
    "kind": {
      "kind": "stop"
    },
    "message": null,
    "project_id": null,
    "timestamp": "2026-05-15T17:00:00+00:00",
    "workspace_id": null
  },
  "kind": "agent_hook_event",
  "workspace_id": "ws-1"
}
