---
source: tests/wire_format.rs
expression: "serde_json::to_value(&event).unwrap()"
---
{
  "agent": "claude",
  "classifier": "claude",
  "kind": {
    "kind": "notification",
    "notification_kind": "tool_use"
  },
  "message": "tool: Bash",
  "project_id": null,
  "timestamp": "2026-05-15T17:00:00+00:00",
  "workspace_id": null
}
